
Shweta@LAPTOP-V3PD2KR1 MINGW64 ~
$ mkdir project_dir
mkdir: cannot create directory ‘project_dir’: File exists

Shweta@LAPTOP-V3PD2KR1 MINGW64 ~
$ mkdir project_dir

Shweta@LAPTOP-V3PD2KR1 MINGW64 ~
$ cd project_dir

Shweta@LAPTOP-V3PD2KR1 MINGW64 ~/project_dir
$ git init
Initialized empty Git repository in C:/Users/Shweta/project_dir/.git/

Shweta@LAPTOP-V3PD2KR1 MINGW64 ~/project_dir (master)
$ git add index.html
fatal: pathspec 'index.html' did not match any files

Shweta@LAPTOP-V3PD2KR1 MINGW64 ~/project_dir (master)
$ git status
On branch master

No commits yet

nothing to commit (create/copy files and use "git add" to track)

Shweta@LAPTOP-V3PD2KR1 MINGW64 ~/project_dir (master)
$ git add index.html
fatal: pathspec 'index.html' did not match any files

Shweta@LAPTOP-V3PD2KR1 MINGW64 ~/project_dir (master)
$ git config --global user.username shwetambarigk

Shweta@LAPTOP-V3PD2KR1 MINGW64 ~/project_dir (master)
$ git config --global user.email shwetambarikulkarni1198@gmail.com

Shweta@LAPTOP-V3PD2KR1 MINGW64 ~/project_dir (master)
$ git commit -m "added a html file"
On branch master

Initial commit

Untracked files:
  (use "git add <file>..." to include in what will be committed)
        demo.txt

nothing added to commit but untracked files present (use "git add" to track)

Shweta@LAPTOP-V3PD2KR1 MINGW64 ~/project_dir (master)
$ git add demo.txt

Shweta@LAPTOP-V3PD2KR1 MINGW64 ~/project_dir (master)
$ git remote add origin https://github.com/shwetambarigk/demo.git

Shweta@LAPTOP-V3PD2KR1 MINGW64 ~/project_dir (master)
$ git push origin master
error: src refspec master does not match any
error: failed to push some refs to 'https://github.com/shwetambarigk/demo.git'

Shweta@LAPTOP-V3PD2KR1 MINGW64 ~/project_dir (master)
$ ^C

Shweta@LAPTOP-V3PD2KR1 MINGW64 ~/project_dir (master)
$ git log
fatal: your current branch 'master' does not have any commits yet

Shweta@LAPTOP-V3PD2KR1 MINGW64 ~/project_dir (master)
$ git commit -m "html file added"
[master (root-commit) cd44b82] html file added
 1 file changed, 0 insertions(+), 0 deletions(-)
 create mode 100644 demo.txt

Shweta@LAPTOP-V3PD2KR1 MINGW64 ~/project_dir (master)
$ git add index.html

Shweta@LAPTOP-V3PD2KR1 MINGW64 ~/project_dir (master)
$ git status
On branch master
Changes to be committed:
  (use "git restore --staged <file>..." to unstage)
        new file:   index.html


Shweta@LAPTOP-V3PD2KR1 MINGW64 ~/project_dir (master)
$ git commit -m "Added a html file index"
[master 91934c4] Added a html file index
 1 file changed, 9 insertions(+)
 create mode 100644 index.html

Shweta@LAPTOP-V3PD2KR1 MINGW64 ~/project_dir (master)
$ git status
On branch master
nothing to commit, working tree clean

Shweta@LAPTOP-V3PD2KR1 MINGW64 ~/project_dir (master)
$ ls
demo.txt  index.html

Shweta@LAPTOP-V3PD2KR1 MINGW64 ~/project_dir (master)
$ touch .gitignore

Shweta@LAPTOP-V3PD2KR1 MINGW64 ~/project_dir (master)
$ git status
On branch master
Untracked files:
  (use "git add <file>..." to include in what will be committed)
        .gitignore

nothing added to commit but untracked files present (use "git add" to track)

Shweta@LAPTOP-V3PD2KR1 MINGW64 ~/project_dir (master)
$ git status
On branch master
Untracked files:
  (use "git add <file>..." to include in what will be committed)
        .gitignore

nothing added to commit but untracked files present (use "git add" to track)

Shweta@LAPTOP-V3PD2KR1 MINGW64 ~/project_dir (master)
$ git status
On branch master
Changes not staged for commit:
  (use "git add/rm <file>..." to update what will be committed)
  (use "git restore <file>..." to discard changes in working directory)
        deleted:    demo.txt
        modified:   index.html

Untracked files:
  (use "git add <file>..." to include in what will be committed)
        .gitignore
        info.txt

no changes added to commit (use "git add" and/or "git commit -a")

Shweta@LAPTOP-V3PD2KR1 MINGW64 ~/project_dir (master)
$ git log
commit 91934c45c888ec7faa6769fc631b3de08e99685d (HEAD -> master)
Author: unknown <shwetambarikulkarni1198@gmail.com>
Date:   Fri Mar 12 20:04:59 2021 +0530

    Added a html file index

commit cd44b82ba09555fb62d9e511275d5471d5629794
Author: unknown <shwetambarikulkarni1198@gmail.com>
Date:   Fri Mar 12 19:55:14 2021 +0530

    html file added

Shweta@LAPTOP-V3PD2KR1 MINGW64 ~/project_dir (master)
$ git log commit
fatal: ambiguous argument 'commit': unknown revision or path not in the working tree.
Use '--' to separate paths from revisions, like this:
'git <command> [<revision>...] -- [<file>...]'

Shweta@LAPTOP-V3PD2KR1 MINGW64 ~/project_dir (master)
$ git add index.html

Shweta@LAPTOP-V3PD2KR1 MINGW64 ~/project_dir (master)
$ git commit -m "Changes are made in html"
[master 6ebcb8f] Changes are made in html
 1 file changed, 2 insertions(+), 5 deletions(-)

Shweta@LAPTOP-V3PD2KR1 MINGW64 ~/project_dir (master)
$ git log commit
fatal: ambiguous argument 'commit': unknown revision or path not in the working tree.
Use '--' to separate paths from revisions, like this:
'git <command> [<revision>...] -- [<file>...]'

Shweta@LAPTOP-V3PD2KR1 MINGW64 ~/project_dir (master)
$ git revert
usage: git revert [<options>] <commit-ish>...
   or: git revert <subcommand>

    --quit                end revert or cherry-pick sequence
    --continue            resume revert or cherry-pick sequence
    --abort               cancel revert or cherry-pick sequence
    --skip                skip current commit and continue
    --cleanup <mode>      how to strip spaces and #comments from message
    -n, --no-commit       don't automatically commit
    -e, --edit            edit the commit message
    -s, --signoff         add a Signed-off-by trailer
    -m, --mainline <parent-number>
                          select mainline parent
    --rerere-autoupdate   update the index with reused conflict resolution if possible
    --strategy <strategy>
                          merge strategy
    -X, --strategy-option <option>
                          option for merge strategy
    -S, --gpg-sign[=<key-id>]
                          GPG sign commit


Shweta@LAPTOP-V3PD2KR1 MINGW64 ~/project_dir (master)
$
