
Shweta@LAPTOP-V3PD2KR1 MINGW64 /
$ cd ~

Shweta@LAPTOP-V3PD2KR1 MINGW64 ~
$ mkdir Assignments

Shweta@LAPTOP-V3PD2KR1 MINGW64 ~
$ cd Assignments

Shweta@LAPTOP-V3PD2KR1 MINGW64 ~/Assignments
$ git status
fatal: not a git repository (or any of the parent directories): .git

Shweta@LAPTOP-V3PD2KR1 MINGW64 ~/Assignments
$ git commit README.txt
fatal: not a git repository (or any of the parent directories): .git

Shweta@LAPTOP-V3PD2KR1 MINGW64 ~/Assignments
$ git status
fatal: not a git repository (or any of the parent directories): .git

Shweta@LAPTOP-V3PD2KR1 MINGW64 ~/Assignments
$ git status
fatal: not a git repository (or any of the parent directories): .git

Shweta@LAPTOP-V3PD2KR1 MINGW64 ~/Assignments
$ git commit -m "new created README.txt file"
fatal: not a git repository (or any of the parent directories): .git

Shweta@LAPTOP-V3PD2KR1 MINGW64 ~/Assignments
$ git add README.txt
fatal: not a git repository (or any of the parent directories): .git

Shweta@LAPTOP-V3PD2KR1 MINGW64 ~/Assignments
$ git commit -m "Added README.txt file"
fatal: not a git repository (or any of the parent directories): .git

Shweta@LAPTOP-V3PD2KR1 MINGW64 ~/Assignments
$ git init
Initialized empty Git repository in C:/Users/Shweta/Assignments/.git/

Shweta@LAPTOP-V3PD2KR1 MINGW64 ~/Assignments (master)
$ git add README.txt

Shweta@LAPTOP-V3PD2KR1 MINGW64 ~/Assignments (master)
$ git commit -m "Added README.txt"
[master (root-commit) d5b5b77] Added README.txt
 1 file changed, 1 insertion(+)
 create mode 100644 README.txt

Shweta@LAPTOP-V3PD2KR1 MINGW64 ~/Assignments (master)
$ git status
On branch master
Untracked files:
  (use "git add <file>..." to include in what will be committed)
        html-assignments.txt

nothing added to commit but untracked files present (use "git add" to track)

Shweta@LAPTOP-V3PD2KR1 MINGW64 ~/Assignments (master)
$ git add html-assignments.txt

Shweta@LAPTOP-V3PD2KR1 MINGW64 ~/Assignments (master)
$ git status
On branch master
Changes to be committed:
  (use "git restore --staged <file>..." to unstage)
        new file:   html-assignments.txt


Shweta@LAPTOP-V3PD2KR1 MINGW64 ~/Assignments (master)
$ git branch -a
* master

Shweta@LAPTOP-V3PD2KR1 MINGW64 ~/Assignments (master)
$ git checkout html-assignments
error: pathspec 'html-assignments' did not match any file(s) known to git

Shweta@LAPTOP-V3PD2KR1 MINGW64 ~/Assignments (master)
$ git checkout -b html-assignments
Switched to a new branch 'html-assignments'

Shweta@LAPTOP-V3PD2KR1 MINGW64 ~/Assignments (html-assignments)
$ git init
Reinitialized existing Git repository in C:/Users/Shweta/Assignments/.git/

Shweta@LAPTOP-V3PD2KR1 MINGW64 ~/Assignments (html-assignments)
$ git add htmlassignment.html

Shweta@LAPTOP-V3PD2KR1 MINGW64 ~/Assignments (html-assignments)
$ git commit -m "copied all html file as htmlassignment.html"
[html-assignments 72d4748] copied all html file as htmlassignment.html
 2 files changed, 10 insertions(+)
 create mode 100644 html-assignments.txt
 create mode 100644 htmlassignment.html

Shweta@LAPTOP-V3PD2KR1 MINGW64 ~/Assignments (html-assignments)
$ git checkout -b htmlassignment
Switched to a new branch 'htmlassignment'

Shweta@LAPTOP-V3PD2KR1 MINGW64 ~/Assignments (htmlassignment)
$ git init
Reinitialized existing Git repository in C:/Users/Shweta/Assignments/.git/

Shweta@LAPTOP-V3PD2KR1 MINGW64 ~/Assignments (htmlassignment)
$ git add htmlassignment.html

Shweta@LAPTOP-V3PD2KR1 MINGW64 ~/Assignments (htmlassignment)
$ git commit -m "changes are made in htmlassignment.html file"
On branch htmlassignment
nothing to commit, working tree clean

Shweta@LAPTOP-V3PD2KR1 MINGW64 ~/Assignments (htmlassignment)
$ git status
On branch htmlassignment
nothing to commit, working tree clean

Shweta@LAPTOP-V3PD2KR1 MINGW64 ~/Assignments (htmlassignment)
$ git commit -m "changes are made in html file"
On branch htmlassignment
nothing to commit, working tree clean

Shweta@LAPTOP-V3PD2KR1 MINGW64 ~/Assignments (htmlassignment)
$ git add htmlassignment.html

Shweta@LAPTOP-V3PD2KR1 MINGW64 ~/Assignments (htmlassignment)
$ git commit -m "changes are made in existing html file"
[htmlassignment b6106b3] changes are made in existing html file
 1 file changed, 2 insertions(+), 2 deletions(-)

Shweta@LAPTOP-V3PD2KR1 MINGW64 ~/Assignments (htmlassignment)
$ git checkout -b master
fatal: A branch named 'master' already exists.

Shweta@LAPTOP-V3PD2KR1 MINGW64 ~/Assignments (htmlassignment)
$ git status
On branch htmlassignment
nothing to commit, working tree clean

Shweta@LAPTOP-V3PD2KR1 MINGW64 ~/Assignments (htmlassignment)
$ git branch -a
  html-assignments
* htmlassignment
  master

Shweta@LAPTOP-V3PD2KR1 MINGW64 ~/Assignments (htmlassignment)
$ git checkout master
Switched to branch 'master'

Shweta@LAPTOP-V3PD2KR1 MINGW64 ~/Assignments (master)
$ git add README.txt

Shweta@LAPTOP-V3PD2KR1 MINGW64 ~/Assignments (master)
$ git commit -m "changes are made in README.txt"
[master 7b26e1b] changes are made in README.txt
 1 file changed, 1 insertion(+), 1 deletion(-)

Shweta@LAPTOP-V3PD2KR1 MINGW64 ~/Assignments (master)
$ git branch -a
  html-assignments
  htmlassignment
* master

Shweta@LAPTOP-V3PD2KR1 MINGW64 ~/Assignments (master)
$ git checkout html-assignment
error: pathspec 'html-assignment' did not match any file(s) known to git

Shweta@LAPTOP-V3PD2KR1 MINGW64 ~/Assignments (master)
$ git checkout -b html-assignment
Switched to a new branch 'html-assignment'

Shweta@LAPTOP-V3PD2KR1 MINGW64 ~/Assignments (html-assignment)
$ git checkout html-assignments
Switched to branch 'html-assignments'

Shweta@LAPTOP-V3PD2KR1 MINGW64 ~/Assignments (html-assignments)
$ git add html-assignments
fatal: pathspec 'html-assignments' did not match any files

Shweta@LAPTOP-V3PD2KR1 MINGW64 ~/Assignments (html-assignments)
$ git add html-assignments
fatal: pathspec 'html-assignments' did not match any files

Shweta@LAPTOP-V3PD2KR1 MINGW64 ~/Assignments (html-assignments)
$ git commit -m "changes made in html-assignments"
On branch html-assignments
Changes not staged for commit:
  (use "git add <file>..." to update what will be committed)
  (use "git restore <file>..." to discard changes in working directory)
        modified:   html-assignments.txt

no changes added to commit (use "git add" and/or "git commit -a")

Shweta@LAPTOP-V3PD2KR1 MINGW64 ~/Assignments (html-assignments)
$ git add html-assignments.txt

Shweta@LAPTOP-V3PD2KR1 MINGW64 ~/Assignments (html-assignments)
$ git commit -m "changes are made in html-assignments"
[html-assignments f51b561] changes are made in html-assignments
 1 file changed, 1 insertion(+)

Shweta@LAPTOP-V3PD2KR1 MINGW64 ~/Assignments (html-assignments)
$ git branch -a
  html-assignment
* html-assignments
  htmlassignment
  master

Shweta@LAPTOP-V3PD2KR1 MINGW64 ~/Assignments (html-assignments)
$ git checkout master
Switched to branch 'master'

Shweta@LAPTOP-V3PD2KR1 MINGW64 ~/Assignments (master)
$ git merge html-assignments
Merge made by the 'recursive' strategy.
 html-assignments.txt |  1 +
 htmlassignment.html  | 10 ++++++++++
 2 files changed, 11 insertions(+)
 create mode 100644 html-assignments.txt
 create mode 100644 htmlassignment.html

Shweta@LAPTOP-V3PD2KR1 MINGW64 ~/Assignments (master)
$ git branch -d html-assignments
Deleted branch html-assignments (was f51b561).

Shweta@LAPTOP-V3PD2KR1 MINGW64 ~/Assignments (master)
$
